IBM OpenAPI Validator (validator: 1.33.2), @Copyright IBM Corporation 2017, 2024.

Validation Results for doc/api.yaml:

Warnings:

  Message :   Potentially unused component has been detected.
  Rule    :   oas3-unused-component
  Path    :   components.responses.Forbidden
  Line    :   507

Summary:

  Total number of errors   : 0
  Total number of warnings : 1

  Warnings:
   1 (100%) : Potentially unused component has been detected.

